createvfs_SUCCESS
mountvfs_SUCCESS
makedir_SUCCESS
makedir_SUCCESS
makedir_SUCCESS
addfile_FAILED FILE_TOO_LARGE
movedir_FAILED DESTINATION_CANNOT_BE_FILE
addfile_FAILED CANNOT_WRITE_TO_DATAFILE
listdir_SUCCESS
unmountvfs_SUCCESS
