createvfs_SUCCESS
createvfs_SUCCESS
mountvfs_SUCCESS
mountvfs_FAILURE VFS_ALREADY_MOUNTED
makedir_SUCCESS
addfile_SUCCESS
addfile_FAILURE FILE_ALREADY_EXISTS
removefile_FAILURE CANNOT_FIND_SPECIFIED_FILE
movefile_SUCCESS
movedir_FAILURE DESTINATION_CANNOT_BE_FILE
exportfile_SUCCESS
copyfile_SUCCESS
searchfile_SUCCESS
removefile_SUCCESS
deletedir_FAILURE DIRECTORY_IS_NOT_EMPTY
listdir_FAILURE VFS_INSUFFICIENT_ARGUMENTS
listdir_FAILURE VFS_INSUFFICIENT_ARGUMENTS
unmountvfs_SUCCESS
