createvfs_FAILURE INVALID_SIZE
createvfs_FAILURE INVALID_CHARACTER_IN_NAME
createvfs_FAILURE VFS_LABEL_TOO_LARGE
createvfs_SUCCESS
mountvfs_FAILURE VFS_INSUFFICIENT_ARGUMENTS
mountvfs_SUCCESS
makedir_FAILURE VFS_INSUFFICIENT_ARGUMENTS
makedir_SUCCESS
makedir_SUCCESS
deletedir_FAILURE VFS_INSUFFICIENT_ARGUMENTS
deletedir_FAILURE CANNOT_FIND_SPECIFIED_PATH_OR_DIR
addfile_SUCCESS
addfile_SUCCESS
makedir_SUCCESS
movedir_FAILURE VFS_INSUFFICIENT_ARGUMENTS
movedir_FAILURE CANNOT_MOVE_PARENT_TO_CHILD_DIR
movedir_FAILURE DESTINATION_CANNOT_BE_FILE
list_FAILURE NOT_A_TEXT_FILE
unmount_SUCCESS 
