createvfs_FAILURE VFS_INSUFFICIENT_ARGUMENTS
createvfs_SUCCESS
mountvfs_SUCCESS
makedir_SUCCESS
movedir_FAILURE CANNOT_FIND_SPECIFIED_DESTINATIONDIR
mountvfs_FAILURE VFS_ALREADY_MOUNTED
unmountvfs_SUCCESS
addfile_FAILURE VFS_NOT_MOUNTED
mountvfs_SUCCESS
addfile_SUCCESS
updatefile_FAILURE INTERNAL_FILE_NOT_FOUND
unmountvfs_SUCCESS
updatefile_FAILURE VFS_NOT_MOUNTED
