createvfs_SUCCESS
mountvfs_SUCCESS
makedir_SUCCESS
makedir_SUCCESS
makedir_SUCCESS
movedir_FAILURE CANNOT_MOVE_PARENT_TO_CHILD_DIR
listdir_SUCCESS
makedir_FAILURE INVALID_CHARACTER_IN_DIRNAME
makedir_SUCCESS
makedir_FAILURE DIRECTORY_ALREADY_EXISTS
deletedir_FAILURE DIRECTORY_IS_NOT_EMPTY
listdir_SUCCESS
listdir_FAILURE INVALID_FLAG
unmountvfs_SUCCESS
mountvfs_SUCCESS
makedir_FAILURE DIRECTORY_ALREADY_EXISTS
movedir_SUCCESS
movedir_FAILURE VFS_INSUFFICIENT_ARGUMENTS
unmountvfs_SUCCESS
mountvfs_SUCCESS
unmountvfs_SUCCESS
mountvfs_SUCCESS
makedir_SUCCESS
makedir_SUCCESS
makedir_SUCCESS
deletedir_FAILURE DIRECTORY_IS_NOT_EMPTY
listdir_SUCCESS
unmountvfs_SUCCESS
