createvfs_FAILURE  VFS_INSUFFICIENT_ARGUMENTS
createvfs_FAILURE INVALID_SIZE
mountvfs_FAILURE DATA_FILE_NOT_FOUND
addfile_FAILURE 	VFS_NOT_MOUNTED
listdir_FAILURE 	VFS_NOT_MOUNTED
mountvfs_FAILURE DATA_FILE_NOT_FOUND	
listdir_FAILURE 	VFS_NOT_MOUNTED
listdir_FAILURE 	VFS_NOT_MOUNTED
listdir_FAILURE 	VFS_NOT_MOUNTED
makedir_FAILURE 	VFS_NOT_MOUNTED
listdir_FAILURE 	VFS_NOT_MOUNTED				
addfile_FAILURE 	VFS_NOT_MOUNTED
makedir_FAILURE 	VFS_NOT_MOUNTED
makedir_FAILURE 	VFS_NOT_MOUNTED
movedir_FAILURE 	VFS_NOT_MOUNTED
movedir_FAILURE 	VFS_NOT_MOUNTED
movedir_FAILURE 	VFS_NOT_MOUNTED
movedir_FAILURE 	VFS_NOT_MOUNTED
movedir_FAILURE 	VFS_NOT_MOUNTED
movedir_FAILURE 	VFS_NOT_MOUNTED
movedir_FAILURE 	VFS_NOT_MOUNTED
movedir_FAILURE 	VFS_NOT_MOUNTED
listdir_FAILURE 	VFS_NOT_MOUNTED
listdir_FAILURE 	VFS_NOT_MOUNTED
unmountvfs_FAILURE VFS_NOT_MOUNTED
