createvfs_SUCCESS
createvfs_FAILURE DATA_FILE_ALREADY_EXISTS
createvfs_FAILURE INVALID_SIZE
createvfs_FAILURE INVALID_SIZE
createvfs_FAILURE INVALID_CHARACTER_IN_NAME
createvfs_FAILURE VFS_LABEL_TOO_LARGE
createvfs_FAILURE VFS_INSUFFICIENT_ARGUMENTS
mountvfs_FAILURE DATA_FILE_NOT_FOUND
mountvfs_FAILURE VFS_INSUFFICIENT_ARGUMENTS
mountvfs_SUCCESS
unmountvfs_FAILURE VFS_INSUFFICIENT_ARGUMENTS
unmountvfs_SUCCESS
unmountvfs_FAILURE VFS_NOT_MOUNTED
