create_vfs_SUCCESS
mount_vfs_SUCCESS
makedir_SUCCESS
makedir_SUCCESS
makedir_FAILURE VFS_INSUFFICIENT_ARGUMENTS
makedir_FAILURE INVALID_CHARACTER_IN_DIRNAME
deletedir_FAILURE CANNOT_FIND_SPECIFIED_DIR
movedir_SUCCESS
movedir_FAILURE CANNOT_FIND_SPECIFIED_DESTINATIONDIR
addfile_FAILURE DIRECTORY_DOES_NOT_EXIST
removefile_FAILURE CANNOT_FIND_SPECIFIED_FILE
listfile_FAILURE SOURCE_FILE_PATH_NOT_FOUND
addfile_FAILURE DIRECTORY_DOES_NOT_EXIST
addfile_FAILURE DIRECTORY_DOES_NOT_EXIST
addfile_FAILURE DIRECTORY_DOES_NOT_EXIST
listfile_FAILURE NOT_A_TEXT_FILE
