createvfs_FAILURE INVALID_CHARACTER_IN_NAME
createvfs_SUCCESS
unmountvfs_FAILURE VFS_INSUFFICIENT_ARGUMENTS
mountvfs_SUCCESS
addfile_FAILURE DIRECTORY_DOES_NOT_EXIST
makedir_SUCCESS
makedir_FAILURE DIRECTORY_ALREADY_EXISTS
makedir_SUCCESS
makedir_FAILURE VFS_INSUFFICIENT_ARGUMENTS
makedir_FAILURE INVALID_CHARACTER_IN_DIRNAME
makedir_SUCCESS
movedir_FAILURE SOURCE_CANNOT_BE_FILE
movedir_FAILURE CANNOT_MOVE_PARENT_TO_CHILD_DIR
deletedir_FAILURE CANNOT_FIND_SPECIFIED_DIR
listdir_FAILURE INVALID_FLAG
addfile_SUCCESS
addfile_SUCCESS
listfile_FAILURE NOT_A_TEXT_FILE
updatefile_FAILURE EXTERNAL_FILE_TOO_LARGE
removefile_SUCCESS
unmount_SUCCESS
