mountvfs_FAILURE DATA_FILE_NOT_FOUND
createvfs_FAILURE INVALID_CHARACTER_IN_NAME
createvfs_FAILURE INVALID_SIZE
createvfs_SUCCESS
unmountvfs_FAILURE VFS_NOT_MOUNTED
mountvfs_SUCCESS
unmountvfs_SUCCESS
makedir_FAILURE VFS_NOT_MOUNTED
mountvfs_SUCCESS
makedir_SUCCESS
makedir_SUCCESS
makedir_SUCCESS
makedir_FAILURE INVALID_CHARACTER_IN_DIRNAME
makedir_SUCCESS
makedir_SUCCESS
makedir_SUCCESS
makedir_SUCCESS
makedir_SUCCESS
addfile_FAILURE UNABLE_TO_CREATE_NEWFILE
addfile_SUCCESS
exportfile_FAILURE CANNOT_FIND_SOURCEFILE
exportfile_SUCCESS
copyfile_FAILURE CANNOT_FIND_DESTINATIONPATH
addfile_FAILURE VFS_INSUFFICIENT_ARGUMENTS
deletedir_FAILURE DIRECTORY_IS_NOT_EMPTY
deletedir_SUCCESS
movedir_SUCCESS
listdir_SUCCESS
listdir_SUCCESS
searchfile_FAILURE CANNOT_FIND_SPECIFIED_OUTPUTFILE
searchfile_SUCCESS
listfile_FAILURE NOT_A_TEXT_FILE
listfile_FAILURE SOURCE_FILE_PATH_NOT_FOUND
unmountvfs_SUCCESS
