createvfs_SUCCESS
mountvfs_FAILURE CANNOT_READ_FROM_FILE
mountvfs_SUCCESS
makedir_SUCCESS
makedir_SUCCESS
makedir_SUCCESS
listdir_SUCCESS
addfile_SUCCESS
listdir_SUCCESS
Ignoring invalid command unmount
createvfs_FAILURE DATA_FILE_ALREADY_EXISTS
mountvfs_FAILURE VFS_ALREADY_MOUNTED
listfile_FAILURE SOURCE_FILE_PATH_NOT_FOUND
addfile_SUCCESS
listfile_FAILURE SOURCE_FILE_PATH_NOT_FOUND
makedir_FAILURE VFS_INSUFFICIENT_ARGUMENTS
makedir_SUCCESS
movedir_SUCCESS
listdir_FAILURE INVALID_FLAG
deletedir_FAILURE DIRECTORY_IS_NOT_EMPTY
copyfile_FAILURE CANNOT_FIND_DESTINATIONPATH
addfile_SUCCESS
addfile_FAILURE VFS_INSUFFICIENT_ARGUMENTS
addfile_SUCCESS
addfile_SUCCESS
addfile_SUCCESS
addfile_SUCCESS
updatefile_SUCCESS
removefile_FAILURE CANNOT_FIND_SPECIFIED_PATH_OR_FILE
unmountvfs_SUCCESS
