VFS_LABEL_TOO_LARGE
DATA_FILE_NOT_FOUND
VFS_NOT_MOUNTED
createvfs_SUCCESS
mountvfs_SUCCESS
INVALID_CHARACTER_IN_DIRNAME
makedir_SUCCESS
addfile_SUCCESS
Ignoring invalid command eportfile
exportfile_SUCCESS
SOURCE_FILE_PATH_NOT_FOUND
updatefile_SUCCESS
listfile_SUCCESS
VFS_ALREADY_MOUNTED
unmountvfs_SUCCESS
VFS_NOT_MOUNTED
