createvfs_SUCCESS
movedir_FAILURE VFS_NOT_MOUNTED 
mountvfs_SUCCESS
makedir_FAILURE: VFS_INSUFFICIENT_ARGUMENTS
makedir_SUCCESS
makedir_FAILURE DIRECTORY_ALREADY_EXISTS 
makedir_FAILURE: VFS_INSUFFICIENT_ARGUMENTS
makedir_SUCCESS
listdir_FAILURE VFS_INSUFFICIENT_ARGUMENTS 
makedir_SUCCESS
movedir_FAILURE VFS_INSUFFICIENT_ARGUMENTS 
listdir_SUCCESS
movedir_FAILURE CANNOT_FIND_SPECIFIED_SOURCEDIR 
listdir_FAILURE INVALID_FLAG 
listdir_FAILURE CANNOT_FIND_SPECIFIED_PATH_OR_DIR 
movedir_SUCCESS
