CANNOT_CREATE_DATAFILE
createvfs_SUCCESS
DATA_FILE_ALREADY_EXISTS
mountvfs_SUCCESS
VFS_ALREADY_MOUNTED
makedir_SUCCESS
CANNOT_FIND_SPECIFIED_DESTINATIONDIR
makedir_SUCCESS
CANNOT_FIND_SPECIFIED_PATH_OR_FILE
addfile_SUCCESS
addfile_SUCCESS
INVALID_DIRNAME
deletedir_SUCCESS
INVALID_DIRNAME
removefile_SUCCESS
unmountvfs_SUCCESS
VFS_NOT_MOUNTED
