VFS_INSUFFICIENT_ARGUMENTS
createvfs_SUCCESS
mountvfs_SUCCESS
makedir_SUCCESS
FILE_SYSTEM_FULL
FILE_SYSTEM_FULL
VFS_INSUFFICIENT_ARGUMENTS
INVALID_FLAG
unmountvfs SUCCESS
