createvfs_FAILURE INVALID_CHARACTER_IN_NAME 
createvfs_FAILURE INVALID_SIZE 
createvfs_SUCCESS
mountvfs_FAILURE DATA_FILE_NOT_FOUND 
mountvfs_SUCCESS
makedir_SUCCESS
makedir_FAILURE VFS_INSUFFICIENT_ARGUMENTS 
makedir_SUCCESS
makedir_SUCCESS
deletedir_FAILURE CANNOT_FIND_SPECIFIED_DIR 
makedir_SUCCESS
deletedir_SUCCESS DIRECTORY_IS_NOT_EMPTY 
listdir_SUCCESS 
listdir_SUCCESS 
updatefile_FAILURE INTERNAL_FILE_NOT_FOUND 
removefile_FAILURE CANNOT_FIND_SPECIFIED_FILE 
removefile_FAILURE VFS_INSUFFICIENT_ARGUMENTS 
exportfile_FAILURE CANNOT_FIND_SOURCEFILE 
unmount_FAILURE DATA_FILE_NOT_FOUND 
unmount_SUCCESS
