createvfs_FAILURE VFS_INSUFFICIENT_ARGUMENTS
createvfs_SUCCESS
createvfs_FAILURE INVALID_SIZE
mountvfs_FAILURE DATA_FILE_NOT_FOUND
mountvfs_SUCCESS
mountvfs_FAILURE VFS_ALREADY_MOUNTED
unmountvfs_FAILURE VFS_NOT_MOUNTED
unmountvfs_FAILURE VFS_INSUFFICIENT_ARGUMENTS
unmountvfs_SUCCESS
