createvfs_SUCCESS
mountvfs_SUCCESS
mountvfs_FAILURE: VFS_ALREADY_MOUNTED
makedir_FAILURE: VFS_INSUFFICIENT_ARGUMENTS
makedir_SUCCESS
makedir_SUCCESS
unmountvfs_SUCCESS
makedir_FAILURE: VFS_NOT_MOUNTED
mountvfs_SUCCESS
makedir_SUCCESS
listdir_FAILURE: CANNOT_FIND_SPECIFIED_PATH_OR_DIR
listdir_FAILURE: VFS_INSUFFICIENT_ARGUMENTS
listdir_FAILURE: CANNOT_FIND_SPECIFIED_PATH_OR_DIR
unmountvfs_SUCCESS
listdir_FAILURE: VFS_NOT_MOUNTED
mountvfs_SUCCESS
makedir_FAILURE: VFS_INSUFFICIENT_ARGUMENTS
listdir_FAILURE: CANNOT_FIND_SPECIFIED_PATH_OR_DIR
unmountvfs_SUCCESS
