createvfs_SUCCESS
mountvfs_SUCCESS
ERR_VFS_MAKEDIR: VFS_INSUFFICIENT_ARGUMENTS
ERR_VFS_MAKEDIR: VFS_INSUFFICIENT_ARGUMENTS
makedir_SUCCESS
makedir_SUCCESS
makedir_SUCCESS
makedir_SUCCESS
makedir_SUCCESS
movedir_SUCCESS
ERR_VFS_ADDFILE:UNABLE_TO_OPEN_SPECIFIED_DATAFILE_PATH
ERR_VFS_ADDFILE:UNABLE_TO_OPEN_SPECIFIED_DATAFILE_PATH
ERR_VFS_LISTDIR: INVALID_FILE_NAME
ERR_VFS_LISTDIR: INVALID_FILE_NAME
ERR_VFS_ADDFILE: UNABLE_TO_CREATE_NEWFILE
ERR_VFS_LISTFILE: SOURCE_FILE_PATH_NOT_FOUND
ERR_VFS_UPDATEFILE: SOURCE_FILE_PATH_NOT_FOUND
ERR_VFS_EXPORTFILE: CANNOT_FIND_SPECIFIED_SOURCEFILE
ERR_VFS_COPYFILE: VFS_INSUFFICIENT_ARGUMENTS
ERR_VFS_REMOVEFILE: CANNOT_FIND_SPECIFIED_FILE
ERR_VFS_SEARCHFILE:FILE_TO_BE_SEARCHED_NOT_FOUND
unmountvfs_SUCCESS
ERR_VFS_DELETEDIR: VFS_NOT_MOUNTED
