createvfs_FAILURE VFS_INSUFFICIENT_ARGUMENTS
mountvfs_FAILURE DATA_FILE_NOT_FOUND
createvfs_SUCCESS
mountvfs_SUCCESS
makedir_FAILURE INVALID_CHARACTER_IN_DIRNAME
makedir_SUCCESS
deletedir_FAILURE CANNOT_FIND_SPECIFIED_DIR
movedir_FAILURE CANNOT_FIND_SPECIFIED_DESTINATIONDIR
listdir_SUCCESS
unmountvfs_FAILURE DATA_FILE_NOT_FOUND
unmountvfs_SUCCESS
