mountvfs_FAILURE DATA_FILE_NOT_FOUND
createvfs_FAILURE VFS_INSUFFICIENT_ARGUMENTS
mountvfs_FAILURE DATA_FILE_NOT_FOUND
unmountvfs_FAILURE DATA_FILE_NOT_FOUND
deletedir_FAILURE VFS_NOT_MOUNTED
createvfs_SUCCESS
mountvfs_SUCCESS
deletedir_FAILURE CANNOT_FIND_SPECIFIED_PATH_OR_DIR
makedir_SUCCESS
makedir_SUCCESS
movedir_SUCCESS
deletedir_FAILURE DIRECTORY_IS_NOT_EMPTY
updtefile_FAILURE VFS_INSUFFICIENT_ARGUMENTS
unmountvfs_FAILURE VFS_NOT_MOUNTED
unmountvfs_SUCCESS
