createvfs_FAILURE VFS_LABEL_TOO_LARGE
createvfs_SUCCESS
mountvfs_SUCCESS
makedir_SUCCESS
addfile_FAILURE VFS_INSUFFICIENT_ARGUMENTS
movedir_FAILURE CANNOT_FIND_SPECIFIED_DESTINATIONDIR
makedir_SUCCESS
deletedir_FAILURE DIRECTORY_IS_NOT_EMPTY
removefile_FAILURE CANNOT_FIND_SPECIFIED_FILE
deletedir_FAILURE DIRECTORY_IS_NOT_EMPTY
addfile_FAILURE FILE_TOO_LARGE
addfile_SUCCESS
exportfile_FAILURE VFS_INSUFFICIENT_ARGUMENTS
exportfile_SUCCESS
listfile_FAILURE SOURCE_FILE_PATH_NOT_FOUND
listfile_FAILURE VFS_INSUFFICIENT_ARGUMENTS
listfile_SUCCESS
listdir_SUCCESS
unmountvfs_FAILURE VFS_INSUFFICIENT_ARGUMENTS
unmountvfs_SUCCESS
createvfs_FAILURE INVALID_SIZE
VFS_NOT_MOUNTED
