createvfs_SUCCESS
deletedir_FAILURE VFS_NOT_MOUNTED 
mountvfs_FAILURE VFS_INSUFFICIENT_ARGUMENTS 
mountvfs_SUCCESS
deletedir_FAILURE CANNOT_FIND_SPECIFIED_DIR 
makedir_FAILURE VFS_INSUFFICIENT_ARGUMENTS 
makedir_SUCCESS
deletedir_SUCCESS
copyfile_FAILURE CANNOT_COPY_DIR_TO_FILE 
