createvfs_SUCCESS
DATA_FILE_ALREADY_EXISTS
mountvfs_SUCCESS
makedir_SUCCESS
VFS_INSUFFICIENT_ARGUMENTS
unmountvfs SUCCESS
VFS_NOT_MOUNTED
mountvfs_SUCCESS
INTERNAL_FILE_NOT_FOUND
DATA_FILE_NOT_FOUND
unmountvfs_SUCCESS
