createvfs_SUCCESS
mountvfs_SUCCESS
mountvfs_FAILURE VFS_ALREADY_MOUNTED
makedir_SUCCESS
makedir_SUCCESS
makedir_SUCCESS
makedir_SUCCESS
makedir_SUCCESS
makedir_FAILURE DIRECTORY_ALREADY_EXISTS
deletedir_FAILURE DIRECTORY_IS_NOT_EMPTY
makedir_FAILURE VFS_INSUFFICIENT_ARGUMENTS
addfile_SUCCESS
updatefile_FAILURE INTERNAL_FILE_NOT_FOUND
addfile_SUCCESS
addfile_SUCCESS
copyfile_FAILURE CANNOT_FIND_SPECIFIED_SOURCEFILE
unmountvfs_SUCCESS
mountvfs_SUCCESS
mountvfs_FAILURE VFS_ALREADY_MOUNTED
listdir_SUCCESS
removefile_FAILURE CANNOT_FIND_SPECIFIED_PATH_OR_FILE
removefile_SUCCESS
removefile_SUCCESS
movefile_FAILURE CANNOT_FIND_SPECIFIED_SOURCEFILE
unmountvfs_SUCCESS
unmountvfs_FAILURE VFS_NOT_MOUNTED
