createvfs_SUCCESS
mountvfs_FAILURE DATA_FILE_NOT_FOUND  
mountvfs_SUCCESS
deletedir_FAILURE CANNOT_FIND_SPECIFIED_DIR  
makedir_FAILURE VFS_INSUFFICIENT_ARGUMENTS 
makedir_SUCCESS 
addfile_FAILURE VFS_INSUFFICIENT_ARGUMENTS 
addfile_FAILURE FILE_TOO_LARGE 
deletedir_FAILURE DIRECTORY_IS_NOT_EMPTY  
deletedir_SUCCESS
deletedir_SUCCESS 
makedir_SUCCESS 
listdir_SUCCESS
movefile_FAILURE CANNOT_FIND_SOURCEFILE 
unmountvfs_SUCCESS
