createvfs_SUCCESS
mountvfs_SUCCESS
ERR_VFS_MOUNT: VFS_ALREADY_MOUNTED
ERR_VFS_MAKEDIR: VFS_INSUFFICIENT_ARGUMENTS
makedir_SUCCESS
makedir_SUCCESS
makedir_SUCCESS
ERR_VFS_MAKEDIR: VFS_INSUFFICIENT_ARGUMENTS
makedir_SUCCESS
makedir_SUCCESS
makedir_SUCCESS
movedir_SUCCESS
ERR_VFS_DELETEDIR: DIRECTORY_IS_NOT_EMPTY
ERR_VFS_ADDFILE:UNABLE_TO_OPEN_SPECIFIED_DATAFILE_PATH
ERR_VFS_ADDFILE:UNABLE_TO_OPEN_SPECIFIED_DATAFILE_PATH
ERR_VFS_LISTDIR: VFS_INSUFFICIENT_ARGUMENTS
ERR_VFS_UPDATEFILE: SOURCE_FILE_PATH_NOT_FOUND
ERR_VFS_MOVEFILE:CANNOT_FIND_SPECIFIED_DESTINATION_PATH
unmountvfs_SUCCESS
ERR_VFS_SEARCHFILE: VFS_NOT_MOUNTED
