createvfs_SUCCESS
unmountvfs_FAILURE VFS_INSUFFICIENT_ARGUMENTS 
unmountvfs_FAILURE VFS_NOT_MOUNTED 
mountvfs_FAILURE DATA_FILE_NOT_FOUND 
mountvfs_SUCCESS
mountvfs_FAILURE VFS_ALREADY_MOUNTED 
unmountvfs_SUCCESS
unmountvfs_FAILURE VFS_NOT_MOUNTED 
