createvfs_SUCCESS
mountvfs_SUCCESS
makedir_SUCCESS
makedir_SUCCESS
makedir_SUCCESS
makedir_SUCCESS
makedir_SUCCESS
makedir_SUCCESS
makedir_SUCCESS
makedir_SUCCESS
makedir_SUCCESS
makedir_FAILURE VFS_INSUFFICIENT_ARGUMENTS
makedir_FAILURE DIRECTORY_ALREADY_EXISTS
addfile_SUCCESS
addfile_SUCCESS
addfile_FAILURE FILE_ALREADY_EXISTS
addfile_FAILURE VFS_INSUFFICIENT_ARGUMENTS
addfile_SUCCESS
addfile_SUCCESS
deletedir_FAILURE DIRECTORY_IS_NOT_EMPTY
deletedir_SUCCESS
movedir_FAILURE DESTINATION_CANNOT_BE_FILE
movedir_SUCCESS
listfile_SUCCESS
listdir_SUCCESS
searchfile_SUCCESS
unmountvfs_SUCCESS
