createvfs_SUCCESS
mountvfs_SUCCESS
ERR_VFS_MAKEDIR: VFS_INSUFFICIENT_ARGUMENTS
ERR_VFS_MAKEDIR: VFS_INSUFFICIENT_ARGUMENTS
makedir_SUCCESS
makedir_SUCCESS
makedir_SUCCESS
ERR_VFS_MAKEDIR: DIRECTORY_ALREADY_EXISTS
makedir_SUCCESS
makedir_SUCCESS
makedir_SUCCESS
makedir_SUCCESS
ERR_VFS_ADDFILE: UNABLE_TO_OPEN_SPECIFIED_DATAFILE_PATH
listdir_FAILURE "CANNOT_FIND_SPECIFIED_PATH_OR_DIR"
updatefile_FAILURE "SOURCE_FILE_NOT_FOUND"
ERR_VFS_MOVEFILE: CANNOT_FIND_SPECIFIED_SOURCEFILE
deletedir_SUCCESS
ERR_VFS_COPYFILE: CANNOT_FIND_SPECIFIED_SOURCEFILE
ERR_VFS_EXPORTFILE: CANNOT_FIND_SPECIFIED_SOURCEFILE
