INVALID_CHARACTER_IN_NAME
INVALID_SIZE
success
DATA_FILE_NOT_FOUND
success
success
VFS_INSUFFICIENT_ARGUMENTS
SOURCE_FILE_PATH_NOT_FOUND
VFS_INSUFFICIENT_ARGUMENTS
