createvfs_SUCCESS
mountvfs_SUCCESS
makedir_SUCCESS
addfile_SUCCESS
addfile_FAILURE 	FILE_TOO_LARGE
listfile_FAILURE SOURCE_FILE_PATH_NOT_FOUND
removefile_FAILURE CANNOT_FIND_SPECIFIED_FILE
exportfile_FAILURE CANNOT_FIND_SOURCEFILE
unmountvfs_SUCCESS 
