createvfs_FAILURE INVALID_CHARACTER_IN_NAME
createvfs_FAILURE VFS_LABEL_TOO_LARGE
createvfs_FAILURE VFS_INSUFFICIENT_ARGUMENTS
createvfs_FAILURE INVALID_SIZE
createvfs_SUCCESS
mountvfs_FAILURE CANNOT_READ_FROM_FILE
mountvfs_SUCCESS
makedir_SUCCESS
mountvfs_FAILURE VFS_ALREADY_MOUNTED
makedir_FAILURE DIRECTORY_ALREADY_EXISTS
makedir_FAILURE DIRECTORY_ALREADY_EXISTS
makedir_SUCCESS
deletedir_FAILURE VFS_INSUFFICIENT_ARGUMENTS
deletedir_FAILURE CANNOT_FIND_SPECIFIED_DIR
movedir_FAILURE CANNOT_FIND_SPECIFIED_DESTINATIONDIR
addfile_SUCCESS
addfile_FAILURE:FILE_SYSTEM_FULL
listfile_FAILURE SOURCE_FILE_PATH_NOT_FOUND
listfile_FAILURE NOT_A_TEXT_FILE
removefile_FAILURE CANNOT_FIND_SPECIFIED_FILE
exportfile_FAILURE CANNOT_CREATE_OUTPUTFILE
exportfile_FAILURE CANNOT_EXPORT_DIR
searchfile_FAILURE VFS_INSUFFICIENT_ARGUMENTS
searchfile_SUCCESS  1
unmountvfs_SUCCESSIgnoring invalid command
