createvfs_FAILURE VFS_INSUFFICIENT_ARGUMENTS
createvfs_FAILURE INVALID_CHARACTER_IN_NAME
createvfs_FAILURE VFS_LABEL_TOO_LARGE
mountvfs_FAILURE DATA_FILE_NOT_FOUND
createvfs_SUCCESS
makedir_FAILURE VFS_NOT_MOUNTED
mountvfs_SUCCESS
makedir_SUCCESS
makedir_FAILURE VFS_INSUFFICIENT_ARGUMENTS
mountvfs_FAILURE VFS_ALREADY_MOUNTED
makedir_SUCCESS
makedir_FAILURE DIRECTORY_ALREADY_EXISTS
makedir_SUCCESS
makedir_FAILURE DIRECTORY_ALREADY_EXISTS
unmountvfs_SUCCESS
unmountvfs_VFS_NOT_MOUNTED
mountvfs_SUCCESS
deletedir_SUCCESS
makedir_SUCCESS
makedir_SUCCESS
movedir_SUCCESS
listdir_SUCCESS
unmountvfs_SUCCESS
